name: software_expected
version: 1

resourcetypes:
  recommendedOsVersion:
    notes: "Version recommended for this make and model. Helpful when you're trying to converge on a standard."
    attributes:
      description:
      mandatory:

relationships:
# recommended OS Version
- uri: /models/recommendedOsVersion/operatingSystemVersions
  cardinality: many:1
  notes: "For the simple case where there's a global preference within this instance of Syscat"
- uri: /models/recommendedOsVersion/recommendedOsVersion
  cardinality: many:1
- uri: /recommendedOsVersion/Version/operatingSystemVersions
  cardinality: many:1
- uri: /recommendedOsVersion/Organisation/organisations
  cardinality: many:1
- uri: /recommendedOsVersion/Environment/environments
  cardinality: many:1
- uri: /recommendedOsVersion/Model/models
  cardinality: many:1
- uri: /applications/DependsOn/applications
  cardinality: many:many
- uri: /applications/BusinessOwner/people
  cardinality: many:1
- uri: /applications/BusinessOwner/organisations
  cardinality: many:1
- uri: /applications/TechnicalOwner/people
  cardinality: many:1
- uri: /applications/TechnicalOwner/organisations
  cardinality: many:1
#
# Monitoring
#
- uri: /applications/Monitor/applications
  cardinality: many:many
- uri: /applications/Monitor/devices
  cardinality: many:many
- uri: /applications/Monitor/networkInterfaces
  cardinality: many:many
- uri: /applications/Monitor/bgp4Peerings
  cardinality: many:many
